// Jest Snapshot v1, https://goo.gl/fbAQLP

exports[`GameOptions matches snapshot 1`] = `
<DocumentFragment>
  <form
    class="GameOptions__grid"
    name="game-options"
  >
    <fieldset>
      <legend>
        Please choose a category
      </legend>
      <div>
        <input
          id="JavaScript"
          name="category"
          required=""
          type="radio"
          value="JavaScript"
        />
        <label
          for="JavaScript"
        >
          JavaScript
        </label>
      </div>
      <div>
        <input
          id="HTML"
          name="category"
          required=""
          type="radio"
          value="HTML"
        />
        <label
          for="HTML"
        >
          HTML
        </label>
      </div>
    </fieldset>
    <div>
      <label
        for="questionCount"
      >
        Number of questions: 
      </label>
      <input
        id="questionCount"
        max="5"
        min="1"
        required=""
        step="1"
        type="number"
        value="3"
      />
    </div>
    <button
      type="submit"
    >
      Play Game
    </button>
  </form>
</DocumentFragment>
`;
