// Jest Snapshot v1, https://goo.gl/fbAQLP

exports[`Login matches snapshot 1`] = `
<DocumentFragment>
  <div>
    <p>
      Hey there stranger!
      <br />
      <br />
      Please sign in so that we can get to know you better!
    </p>
    <form>
      <button
        type="submit"
      >
        Sign In
      </button>
    </form>
  </div>
</DocumentFragment>
`;
